

#
# Fatal error in , line 0
# Fatal process out of memory: Zone
#
#
#
#FailureMessage Object: 000000CB393F6010
----- Native stack trace -----

 1: 00007FF7BAE5892B 
 2: 00007FF7BAD4CE2F 
 3: 00007FF7BBC62442 
 4: 00007FF7BB82C1D3 
 5: 00007FF7BB30EBF4 
 6: 00007FF7BBD9E97D 
 7: 00007FF7BBD9EA9E 
 8: 00007FF7BBD2BE45 
 9: 00007FF7BBD28505 
10: 00007FF7BBD23FAA 
11: 00007FF7BB79A9E1 
12: 00007FF7BB767901 
13: 00007FF7BAD4F90D 
14: 00007FF7BAEAC56D 
15: 00007FF7BC085A70 
16: 00007FF9CA157C24 
17: 00007FF9CAC8D721 
